../Core/Src/main.c:86:5:main	192	static
../Core/Src/main.c:188:6:SystemClock_Config	88	static
../Core/Src/main.c:233:13:MX_ADC1_Init	24	static
../Core/Src/main.c:284:13:MX_RNG_Init	8	static
../Core/Src/main.c:309:13:MX_TIM3_Init	64	static
../Core/Src/main.c:367:13:MX_TIM14_Init	8	static
../Core/Src/main.c:397:13:MX_USART3_UART_Init	8	static
../Core/Src/main.c:427:13:MX_DMA_Init	16	static
../Core/Src/main.c:447:13:MX_GPIO_Init	48	static
../Core/Src/main.c:474:6:HAL_TIM_PWM_PulseFinishedCallback	16	static
../Core/Src/main.c:482:6:HAL_TIM_PeriodElapsedCallback	16	static
../Core/Src/main.c:492:6:HAL_RNG_ReadyDataCallback	16	static
../Core/Src/main.c:503:6:HAL_ADC_ConvCpltCallback	16	static
../Core/Src/main.c:516:6:Error_Handler	4	static,ignoring_inline_asm
